// Jest Snapshot v1, https://goo.gl/fbAQLP

exports[`Pruebas con el componente GifGrid Hacer un snapshot del componente 1`] = `
<Fragment>
  <h3
    className="animate__animated animate__fadeIn"
  >
     
    Overwatch
     
  </h3>
  <p
    className="animate__animated animate__fadeInLeft"
  >
    Loading...
  </p>
  <div
    className="card-grid"
  />
</Fragment>
`;
